# 2026-10-05 02:48:54
Hang tight while we grab the latest from your chart repositories...
...Successfully got an update from the "prometheus-community" chart repository
Update Complete. ⎈Happy Helming!⎈
Release "prometheus-operator" has been upgraded. Happy Helming!
NAME: prometheus-operator
LAST DEPLOYED: Mon Oct  5 02:48:58 2026
NAMESPACE: monitoring
STATUS: deployed
REVISION: 2
DESCRIPTION: Upgrade complete
TEST SUITE: None
NOTES:
kube-prometheus-stack has been installed. Check its status by running:
  kubectl --namespace monitoring get pods -l "release=prometheus-operator"

Get Grafana 'admin' user password by running:

  kubectl --namespace monitoring get secrets prometheus-operator-grafana -o jsonpath="{.data.admin-password}" | base64 -d ; echo

Access Grafana local instance:

  export POD_NAME=$(kubectl --namespace monitoring get pod -l "app.kubernetes.io/name=grafana,app.kubernetes.io/instance=prometheus-operator" -oname)
  kubectl --namespace monitoring port-forward $POD_NAME 3000

Get your grafana admin user password by running:

  kubectl get secret --namespace monitoring -l app.kubernetes.io/component=admin-secret -o jsonpath="{.items[0].data.admin-password}" | base64 --decode ; echo


Visit https://github.com/prometheus-operator/kube-prometheus for instructions on how to create & configure Alertmanager and Prometheus instances using the Operator.
servicemonitor.monitoring.coreos.com/scaletestapp unchanged
pod/prometheus-prometheus-operator-kube-p-prometheus-0 condition met
NAME                                                      READY   STATUS    RESTARTS      AGE
prometheus-operator-kube-p-operator-68bf596447-fl6zv      1/1     Running   0             26m
prometheus-operator-kube-state-metrics-7989ddc86f-d54d5   0/1     Running   6 (14s ago)   26m
prometheus-operator-prometheus-node-exporter-4tbd8        1/1     Running   0             26m
prometheus-prometheus-operator-kube-p-prometheus-0        2/2     Running   0             25m
NAME               	NAMESPACE 	REVISION	UPDATED                               	STATUS  	CHART                       	APP VERSION
prometheus-operator	monitoring	2       	2026-10-05 02:48:58.0589697 +0300 EEST	deployed	kube-prometheus-stack-91.9.0	v0.94.1    

